// Jest Snapshot v1, https://goo.gl/fbAQLP

exports[`Should be Footer 1`] = `
<footer
  className="footer"
>
  <div
    className="container"
  >
    <p>
      Good Shop For Musicians
    </p>
  </div>
</footer>
`;
